// Vitest Snapshot v1, https://vitest.dev/guide/snapshot.html

exports[`App > matches snapshot 1`] = `
<DocumentFragment>
  <div
    class="container"
  >
    <h1>
      Hello World!!!!
    </h1>
  </div>
</DocumentFragment>
`;
